// Jest Snapshot v1, https://goo.gl/fbAQLP

exports[`deep snapshot renders correctly 1`] = `
<div
  className="makeStyles-tableWrapper-2"
>
  <table
    aria-labelledby="tableTitle"
    className="MuiTable-root makeStyles-table-1"
  >
    <thead
      className="MuiTableHead-root"
    >
      <tr
        className="MuiTableRow-root MuiTableRow-head"
      >
        <th
          aria-sort={null}
          className="MuiTableCell-root makeStyles-action-10 MuiTableCell-head WithStyles(ForwardRef(TableCell))-head-18"
          scope="col"
        >
          Action
        </th>
        <th
          aria-sort="descending"
          className="MuiTableCell-root MuiTableCell-head WithStyles(ForwardRef(TableCell))-head-18"
          scope="col"
        >
          <span
            className="MuiButtonBase-root MuiTableSortLabel-root WithStyles(ForwardRef(TableSortLabel))-root-32 makeStyles-sortLabel-11 MuiTableSortLabel-active"
            onBlur={[Function]}
            onClick={[Function]}
            onDragLeave={[Function]}
            onFocus={[Function]}
            onKeyDown={[Function]}
            onKeyUp={[Function]}
            onMouseDown={[Function]}
            onMouseLeave={[Function]}
            onMouseUp={[Function]}
            onTouchEnd={[Function]}
            onTouchMove={[Function]}
            onTouchStart={[Function]}
            role="button"
            tabIndex={0}
          >
            First Name
            <span
              className="makeStyles-visuallyHidden-9"
            >
              sorted descending
            </span>
            <svg
              aria-hidden="true"
              className="MuiSvgIcon-root MuiTableSortLabel-icon WithStyles(ForwardRef(TableSortLabel))-icon-33 MuiTableSortLabel-iconDirectionDesc"
              focusable="false"
              role="presentation"
              viewBox="0 0 24 24"
            >
              <path
                d="M20 12l-1.41-1.41L13 16.17V4h-2v12.17l-5.58-5.59L4 12l8 8 8-8z"
              />
            </svg>
          </span>
        </th>
        <th
          aria-sort={null}
          className="MuiTableCell-root MuiTableCell-head WithStyles(ForwardRef(TableCell))-head-18"
          scope="col"
        >
          <span
            className="MuiButtonBase-root MuiTableSortLabel-root WithStyles(ForwardRef(TableSortLabel))-root-32 makeStyles-sortLabel-11"
            onBlur={[Function]}
            onClick={[Function]}
            onDragLeave={[Function]}
            onFocus={[Function]}
            onKeyDown={[Function]}
            onKeyUp={[Function]}
            onMouseDown={[Function]}
            onMouseLeave={[Function]}
            onMouseUp={[Function]}
            onTouchEnd={[Function]}
            onTouchMove={[Function]}
            onTouchStart={[Function]}
            role="button"
            tabIndex={0}
          >
            Last Name
            <svg
              aria-hidden="true"
              className="MuiSvgIcon-root MuiTableSortLabel-icon WithStyles(ForwardRef(TableSortLabel))-icon-33 MuiTableSortLabel-iconDirectionDesc"
              focusable="false"
              role="presentation"
              viewBox="0 0 24 24"
            >
              <path
                d="M20 12l-1.41-1.41L13 16.17V4h-2v12.17l-5.58-5.59L4 12l8 8 8-8z"
              />
            </svg>
          </span>
        </th>
        <th
          aria-sort={null}
          className="MuiTableCell-root MuiTableCell-head WithStyles(ForwardRef(TableCell))-head-18"
          scope="col"
        >
          <span
            className="MuiButtonBase-root MuiTableSortLabel-root WithStyles(ForwardRef(TableSortLabel))-root-32 makeStyles-sortLabel-11"
            onBlur={[Function]}
            onClick={[Function]}
            onDragLeave={[Function]}
            onFocus={[Function]}
            onKeyDown={[Function]}
            onKeyUp={[Function]}
            onMouseDown={[Function]}
            onMouseLeave={[Function]}
            onMouseUp={[Function]}
            onTouchEnd={[Function]}
            onTouchMove={[Function]}
            onTouchStart={[Function]}
            role="button"
            tabIndex={0}
          >
            Title
            <svg
              aria-hidden="true"
              className="MuiSvgIcon-root MuiTableSortLabel-icon WithStyles(ForwardRef(TableSortLabel))-icon-33 MuiTableSortLabel-iconDirectionDesc"
              focusable="false"
              role="presentation"
              viewBox="0 0 24 24"
            >
              <path
                d="M20 12l-1.41-1.41L13 16.17V4h-2v12.17l-5.58-5.59L4 12l8 8 8-8z"
              />
            </svg>
          </span>
        </th>
        <th
          aria-sort={null}
          className="MuiTableCell-root MuiTableCell-head WithStyles(ForwardRef(TableCell))-head-18"
          scope="col"
        >
          <span
            className="MuiButtonBase-root MuiTableSortLabel-root WithStyles(ForwardRef(TableSortLabel))-root-32 makeStyles-sortLabel-11"
            onBlur={[Function]}
            onClick={[Function]}
            onDragLeave={[Function]}
            onFocus={[Function]}
            onKeyDown={[Function]}
            onKeyUp={[Function]}
            onMouseDown={[Function]}
            onMouseLeave={[Function]}
            onMouseUp={[Function]}
            onTouchEnd={[Function]}
            onTouchMove={[Function]}
            onTouchStart={[Function]}
            role="button"
            tabIndex={0}
          >
            Company
            <svg
              aria-hidden="true"
              className="MuiSvgIcon-root MuiTableSortLabel-icon WithStyles(ForwardRef(TableSortLabel))-icon-33 MuiTableSortLabel-iconDirectionDesc"
              focusable="false"
              role="presentation"
              viewBox="0 0 24 24"
            >
              <path
                d="M20 12l-1.41-1.41L13 16.17V4h-2v12.17l-5.58-5.59L4 12l8 8 8-8z"
              />
            </svg>
          </span>
        </th>
      </tr>
    </thead>
    <tbody
      className="MuiTableBody-root"
    />
  </table>
  <div
    className="MuiTablePagination-root"
  >
    <div
      className="MuiToolbar-root MuiToolbar-regular MuiTablePagination-toolbar MuiToolbar-gutters"
    >
      <div
        className="MuiTablePagination-spacer"
      />
      <span
        className="MuiTypography-root MuiTablePagination-caption MuiTypography-caption MuiTypography-colorInherit"
      >
        Rows per page:
      </span>
      <div
        className="MuiInputBase-root MuiTablePagination-input MuiTablePagination-selectRoot"
        onClick={[Function]}
      >
        <div
          aria-haspopup="listbox"
          className="MuiSelect-root MuiSelect-select MuiTablePagination-select MuiSelect-selectMenu MuiInputBase-input MuiInputBase-inputSelect"
          onBlur={[Function]}
          onClick={[Function]}
          onFocus={[Function]}
          onKeyDown={[Function]}
          role="button"
          tabIndex={0}
        >
          5
        </div>
        <input
          type="hidden"
          value={5}
        />
        <svg
          aria-hidden="true"
          className="MuiSvgIcon-root MuiSelect-icon MuiTablePagination-selectIcon"
          focusable="false"
          role="presentation"
          viewBox="0 0 24 24"
        >
          <path
            d="M7 10l5 5 5-5z"
          />
        </svg>
      </div>
      <span
        className="MuiTypography-root MuiTablePagination-caption MuiTypography-caption MuiTypography-colorInherit"
      >
        0-0 of 0
      </span>
      <div
        className="MuiTablePagination-actions"
      >
        <button
          aria-label="previous page"
          className="MuiButtonBase-root MuiIconButton-root MuiIconButton-colorInherit Mui-disabled Mui-disabled"
          disabled={true}
          onBlur={[Function]}
          onClick={[Function]}
          onDragLeave={[Function]}
          onFocus={[Function]}
          onKeyDown={[Function]}
          onKeyUp={[Function]}
          onMouseDown={[Function]}
          onMouseLeave={[Function]}
          onMouseUp={[Function]}
          onTouchEnd={[Function]}
          onTouchMove={[Function]}
          onTouchStart={[Function]}
          tabIndex={-1}
          type="button"
        >
          <span
            className="MuiIconButton-label"
          >
            <svg
              aria-hidden="true"
              className="MuiSvgIcon-root"
              focusable="false"
              role="presentation"
              viewBox="0 0 24 24"
            >
              <path
                d="M15.41 16.09l-4.58-4.59 4.58-4.59L14 5.5l-6 6 6 6z"
              />
            </svg>
          </span>
        </button>
        <button
          aria-label="next page"
          className="MuiButtonBase-root MuiIconButton-root MuiIconButton-colorInherit Mui-disabled Mui-disabled"
          disabled={true}
          onBlur={[Function]}
          onClick={[Function]}
          onDragLeave={[Function]}
          onFocus={[Function]}
          onKeyDown={[Function]}
          onKeyUp={[Function]}
          onMouseDown={[Function]}
          onMouseLeave={[Function]}
          onMouseUp={[Function]}
          onTouchEnd={[Function]}
          onTouchMove={[Function]}
          onTouchStart={[Function]}
          tabIndex={-1}
          type="button"
        >
          <span
            className="MuiIconButton-label"
          >
            <svg
              aria-hidden="true"
              className="MuiSvgIcon-root"
              focusable="false"
              role="presentation"
              viewBox="0 0 24 24"
            >
              <path
                d="M8.59 16.34l4.58-4.59-4.58-4.59L10 5.75l6 6-6 6z"
              />
            </svg>
          </span>
        </button>
      </div>
    </div>
  </div>
</div>
`;
