// Jest Snapshot v1, https://goo.gl/fbAQLP

exports[`deep snapshot renders correctly for logged in user 1`] = `
<div>
  <header
    className="MuiPaper-root MuiPaper-elevation4 MuiAppBar-root WithStyles(ForwardRef(AppBar))-root-7 MuiAppBar-positionStatic MuiAppBar-colorPrimary"
  >
    <div
      className="MuiToolbar-root MuiToolbar-regular MuiToolbar-gutters"
    >
      <h6
        className="MuiTypography-root MuiTypography-subtitle1 MuiTypography-colorInherit"
      >
        <a
          className="makeStyles-link-1"
          href="/"
          onClick={[Function]}
        >
          Employee MS
        </a>
      </h6>
      <div
        className="makeStyles-list-2"
      >
        <div
          className="makeStyles-container-5"
        >
          <div
            className="makeStyles-userProfile-3"
          >
            Welcome 
            <b>
              Alice
              !
            </b>
          </div>
          <div
            className="makeStyles-logoutButton-6"
            onClick={[Function]}
          >
            <span
              className="makeStyles-link-1"
            >
              Logout
            </span>
            <svg
              aria-hidden="true"
              className="MuiSvgIcon-root"
              focusable="false"
              role="presentation"
              viewBox="0 0 24 24"
            >
              <path
                d="M10.09 15.59L11.5 17l5-5-5-5-1.41 1.41L12.67 11H3v2h9.67l-2.58 2.59zM19 3H5c-1.11 0-2 .9-2 2v4h2V5h14v14H5v-4H3v4c0 1.1.89 2 2 2h14c1.1 0 2-.9 2-2V5c0-1.1-.9-2-2-2z"
              />
            </svg>
          </div>
        </div>
      </div>
    </div>
  </header>
</div>
`;
