// Jest Snapshot v1, https://goo.gl/fbAQLP

exports[`deep snapshot renders correctly 1`] = `
<thead
  className="MuiTableHead-root"
>
  <tr
    className="MuiTableRow-root MuiTableRow-head"
  >
    <th
      aria-sort={null}
      className="MuiTableCell-root makeStyles-action-2 MuiTableCell-head WithStyles(ForwardRef(TableCell))-head-10"
      scope="col"
    >
      Action
    </th>
    <th
      aria-sort="descending"
      className="MuiTableCell-root MuiTableCell-head WithStyles(ForwardRef(TableCell))-head-10"
      scope="col"
    >
      <span
        className="MuiButtonBase-root MuiTableSortLabel-root WithStyles(ForwardRef(TableSortLabel))-root-24 makeStyles-sortLabel-3 MuiTableSortLabel-active"
        onBlur={[Function]}
        onClick={[Function]}
        onDragLeave={[Function]}
        onFocus={[Function]}
        onKeyDown={[Function]}
        onKeyUp={[Function]}
        onMouseDown={[Function]}
        onMouseLeave={[Function]}
        onMouseUp={[Function]}
        onTouchEnd={[Function]}
        onTouchMove={[Function]}
        onTouchStart={[Function]}
        role="button"
        tabIndex={0}
      >
        First Name
        <span
          className="makeStyles-visuallyHidden-1"
        >
          sorted descending
        </span>
        <svg
          aria-hidden="true"
          className="MuiSvgIcon-root MuiTableSortLabel-icon WithStyles(ForwardRef(TableSortLabel))-icon-25 MuiTableSortLabel-iconDirectionDesc"
          focusable="false"
          role="presentation"
          viewBox="0 0 24 24"
        >
          <path
            d="M20 12l-1.41-1.41L13 16.17V4h-2v12.17l-5.58-5.59L4 12l8 8 8-8z"
          />
        </svg>
      </span>
    </th>
    <th
      aria-sort={null}
      className="MuiTableCell-root MuiTableCell-head WithStyles(ForwardRef(TableCell))-head-10"
      scope="col"
    >
      <span
        className="MuiButtonBase-root MuiTableSortLabel-root WithStyles(ForwardRef(TableSortLabel))-root-24 makeStyles-sortLabel-3"
        onBlur={[Function]}
        onClick={[Function]}
        onDragLeave={[Function]}
        onFocus={[Function]}
        onKeyDown={[Function]}
        onKeyUp={[Function]}
        onMouseDown={[Function]}
        onMouseLeave={[Function]}
        onMouseUp={[Function]}
        onTouchEnd={[Function]}
        onTouchMove={[Function]}
        onTouchStart={[Function]}
        role="button"
        tabIndex={0}
      >
        Last Name
        <svg
          aria-hidden="true"
          className="MuiSvgIcon-root MuiTableSortLabel-icon WithStyles(ForwardRef(TableSortLabel))-icon-25 MuiTableSortLabel-iconDirectionDesc"
          focusable="false"
          role="presentation"
          viewBox="0 0 24 24"
        >
          <path
            d="M20 12l-1.41-1.41L13 16.17V4h-2v12.17l-5.58-5.59L4 12l8 8 8-8z"
          />
        </svg>
      </span>
    </th>
    <th
      aria-sort={null}
      className="MuiTableCell-root MuiTableCell-head WithStyles(ForwardRef(TableCell))-head-10"
      scope="col"
    >
      <span
        className="MuiButtonBase-root MuiTableSortLabel-root WithStyles(ForwardRef(TableSortLabel))-root-24 makeStyles-sortLabel-3"
        onBlur={[Function]}
        onClick={[Function]}
        onDragLeave={[Function]}
        onFocus={[Function]}
        onKeyDown={[Function]}
        onKeyUp={[Function]}
        onMouseDown={[Function]}
        onMouseLeave={[Function]}
        onMouseUp={[Function]}
        onTouchEnd={[Function]}
        onTouchMove={[Function]}
        onTouchStart={[Function]}
        role="button"
        tabIndex={0}
      >
        Title
        <svg
          aria-hidden="true"
          className="MuiSvgIcon-root MuiTableSortLabel-icon WithStyles(ForwardRef(TableSortLabel))-icon-25 MuiTableSortLabel-iconDirectionDesc"
          focusable="false"
          role="presentation"
          viewBox="0 0 24 24"
        >
          <path
            d="M20 12l-1.41-1.41L13 16.17V4h-2v12.17l-5.58-5.59L4 12l8 8 8-8z"
          />
        </svg>
      </span>
    </th>
    <th
      aria-sort={null}
      className="MuiTableCell-root MuiTableCell-head WithStyles(ForwardRef(TableCell))-head-10"
      scope="col"
    >
      <span
        className="MuiButtonBase-root MuiTableSortLabel-root WithStyles(ForwardRef(TableSortLabel))-root-24 makeStyles-sortLabel-3"
        onBlur={[Function]}
        onClick={[Function]}
        onDragLeave={[Function]}
        onFocus={[Function]}
        onKeyDown={[Function]}
        onKeyUp={[Function]}
        onMouseDown={[Function]}
        onMouseLeave={[Function]}
        onMouseUp={[Function]}
        onTouchEnd={[Function]}
        onTouchMove={[Function]}
        onTouchStart={[Function]}
        role="button"
        tabIndex={0}
      >
        Company
        <svg
          aria-hidden="true"
          className="MuiSvgIcon-root MuiTableSortLabel-icon WithStyles(ForwardRef(TableSortLabel))-icon-25 MuiTableSortLabel-iconDirectionDesc"
          focusable="false"
          role="presentation"
          viewBox="0 0 24 24"
        >
          <path
            d="M20 12l-1.41-1.41L13 16.17V4h-2v12.17l-5.58-5.59L4 12l8 8 8-8z"
          />
        </svg>
      </span>
    </th>
  </tr>
</thead>
`;
